...................................................................      [100%]
=============================== warnings summary ===============================
src/auth/schemas.py:13
  /home/ubuntu/task-delivery/t2-producer-transport/modules/gateway/src/auth/schemas.py:13: PydanticDeprecatedSince20: Support for class-based `config` is deprecated, use ConfigDict instead. Deprecated in Pydantic V2.0 to be removed in V3.0. See Pydantic V2 Migration Guide at https://errors.pydantic.dev/2.12/migration/
    class ServiceAccountCreate(BaseModel):

src/auth/schemas.py:32
  /home/ubuntu/task-delivery/t2-producer-transport/modules/gateway/src/auth/schemas.py:32: PydanticDeprecatedSince20: Support for class-based `config` is deprecated, use ConfigDict instead. Deprecated in Pydantic V2.0 to be removed in V3.0. See Pydantic V2 Migration Guide at https://errors.pydantic.dev/2.12/migration/
    class ServiceAccountUpdate(BaseModel):

src/auth/schemas.py:44
  /home/ubuntu/task-delivery/t2-producer-transport/modules/gateway/src/auth/schemas.py:44: PydanticDeprecatedSince20: Support for class-based `config` is deprecated, use ConfigDict instead. Deprecated in Pydantic V2.0 to be removed in V3.0. See Pydantic V2 Migration Guide at https://errors.pydantic.dev/2.12/migration/
    class ServiceAccountResponse(BaseModel):

src/auth/schemas.py:69
  /home/ubuntu/task-delivery/t2-producer-transport/modules/gateway/src/auth/schemas.py:69: PydanticDeprecatedSince20: Support for class-based `config` is deprecated, use ConfigDict instead. Deprecated in Pydantic V2.0 to be removed in V3.0. See Pydantic V2 Migration Guide at https://errors.pydantic.dev/2.12/migration/
    class TenantInfo(BaseModel):

src/auth/schemas.py:94
  /home/ubuntu/task-delivery/t2-producer-transport/modules/gateway/src/auth/schemas.py:94: PydanticDeprecatedSince20: Support for class-based `config` is deprecated, use ConfigDict instead. Deprecated in Pydantic V2.0 to be removed in V3.0. See Pydantic V2 Migration Guide at https://errors.pydantic.dev/2.12/migration/
    class TokenClaims(BaseModel):

src/auth/schemas.py:123
  /home/ubuntu/task-delivery/t2-producer-transport/modules/gateway/src/auth/schemas.py:123: PydanticDeprecatedSince20: Support for class-based `config` is deprecated, use ConfigDict instead. Deprecated in Pydantic V2.0 to be removed in V3.0. See Pydantic V2 Migration Guide at https://errors.pydantic.dev/2.12/migration/
    class AWSCallerIdentity(BaseModel):

src/auth/schemas.py:136
  /home/ubuntu/task-delivery/t2-producer-transport/modules/gateway/src/auth/schemas.py:136: PydanticDeprecatedSince20: Support for class-based `config` is deprecated, use ConfigDict instead. Deprecated in Pydantic V2.0 to be removed in V3.0. See Pydantic V2 Migration Guide at https://errors.pydantic.dev/2.12/migration/
    class ServiceAccountListResponse(BaseModel):

../../../../../../tmp/adp-5911-venv/lib/python3.12/site-packages/passlib/utils/__init__.py:854
  /tmp/adp-5911-venv/lib/python3.12/site-packages/passlib/utils/__init__.py:854: DeprecationWarning: 'crypt' is deprecated and slated for removal in Python 3.13
    from crypt import crypt as _crypt

../../../../../../tmp/adp-5911-venv/lib/python3.12/site-packages/botocore/utils.py:670
  /tmp/adp-5911-venv/lib/python3.12/site-packages/botocore/utils.py:670: DeprecationWarning: datetime.datetime.utcnow() is deprecated and scheduled for removal in a future version. Use timezone-aware objects to represent datetimes in UTC: datetime.datetime.now(datetime.UTC).
    current_time = datetime.datetime.utcnow()

src/budget/config.py:6
  /home/ubuntu/task-delivery/t2-producer-transport/modules/gateway/src/budget/config.py:6: PydanticDeprecatedSince20: Support for class-based `config` is deprecated, use ConfigDict instead. Deprecated in Pydantic V2.0 to be removed in V3.0. See Pydantic V2 Migration Guide at https://errors.pydantic.dev/2.12/migration/
    class BudgetConfig(BaseSettings):

src/shared/schemas/budget.py:105
  /home/ubuntu/task-delivery/t2-producer-transport/modules/gateway/src/shared/schemas/budget.py:105: PydanticDeprecatedSince20: Support for class-based `config` is deprecated, use ConfigDict instead. Deprecated in Pydantic V2.0 to be removed in V3.0. See Pydantic V2 Migration Guide at https://errors.pydantic.dev/2.12/migration/
    class BudgetResponse(BaseModel):

src/shared/schemas/budget.py:128
  /home/ubuntu/task-delivery/t2-producer-transport/modules/gateway/src/shared/schemas/budget.py:128: PydanticDeprecatedSince20: Support for class-based `config` is deprecated, use ConfigDict instead. Deprecated in Pydantic V2.0 to be removed in V3.0. See Pydantic V2 Migration Guide at https://errors.pydantic.dev/2.12/migration/
    class BudgetUsageResponse(BaseModel):

src/usage/schemas.py:163
  /home/ubuntu/task-delivery/t2-producer-transport/modules/gateway/src/usage/schemas.py:163: PydanticDeprecatedSince20: Support for class-based `config` is deprecated, use ConfigDict instead. Deprecated in Pydantic V2.0 to be removed in V3.0. See Pydantic V2 Migration Guide at https://errors.pydantic.dev/2.12/migration/
    class UsageLogResponse(BaseModel):

../../../../../../tmp/adp-5911-venv/lib/python3.12/site-packages/fastapi/testclient.py:1
  /tmp/adp-5911-venv/lib/python3.12/site-packages/fastapi/testclient.py:1: StarletteDeprecationWarning: Using `httpx` with `starlette.testclient` is deprecated; install `httpx2` instead.
    from starlette.testclient import TestClient as TestClient  # noqa

tests/agentauth/test_task_model.py: 2339 warnings
tests/agentauth/test_task_execution_recovery.py: 1167 warnings
tests/agentauth/test_task_runtime.py: 927 warnings
tests/tasks/test_task_commands.py: 298 warnings
tests/tasks/test_command_routes.py: 81 warnings
  /tmp/adp-5911-venv/lib/python3.12/site-packages/botocore/auth.py:425: DeprecationWarning: datetime.datetime.utcnow() is deprecated and scheduled for removal in a future version. Use timezone-aware objects to represent datetimes in UTC: datetime.datetime.now(datetime.UTC).
    datetime_now = datetime.datetime.utcnow()

-- Docs: https://docs.pytest.org/en/stable/how-to/capture-warnings.html
67 passed, 4826 warnings in 17.68s
